Flutter crash report.
Please report a bug at https://github.com/flutter/flutter/issues.

## command

flutter run -d emulator-5554

## exception

SocketException: SocketException: Error event raised in event handler : error condition has been reset, port = 0

```
#0      _NativeSocket.multiplex (dart:io-patch/socket_patch.dart:1735:30)
#1      _RawReceivePort._handleMessage (dart:isolate-patch/isolate_patch.dart:192:12)
```

## flutter doctor

```
[✓] Flutter (Channel stable, 3.44.1, on Ubuntu 25.10 6.6.87.2-microsoft-standard-WSL2, locale C.UTF-8) [490ms]
    • Flutter version 3.44.1 on channel stable at /home/user/snap/flutter/common/flutter
    • Upstream repository https://github.com/flutter/flutter.git
    • Framework revision 924134a44c (2 weeks ago), 2026-05-29 12:13:22 -0400
    • Engine revision c416acfeb8
    • Dart version 3.12.1
    • DevTools version 2.57.0
    • Feature flags: enable-web, enable-linux-desktop, enable-macos-desktop, enable-windows-desktop, enable-android, enable-ios, cli-animations, enable-native-assets, enable-swift-package-manager, omit-legacy-version-file, enable-lldb-debugging, enable-uiscene-migration

[✓] Android toolchain - develop for Android devices (Android SDK version 36.0.0) [9.0s]
    • Android SDK at /home/user/android-sdk
    • Emulator version unknown
    • Platform android-36, build-tools 36.0.0
    • ANDROID_HOME = /home/user/android-sdk
    • Java binary at: /usr/lib/jvm/java-17-openjdk-amd64/bin/java
      This JDK is specified by the JAVA_HOME environment variable.
      To manually set the JDK path, use: `flutter config --jdk-dir="path/to/jdk"`.
    • Java version OpenJDK Runtime Environment (build 17.0.19+10-1-25.10.2-Ubuntu)
    • All Android licenses accepted.

[✓] Chrome - develop for the web [783ms]
    • Chrome at google-chrome

[✓] Linux toolchain - develop for Linux desktop [4.3s]
    • clang version 10.0.0-4ubuntu1
    • cmake version 3.16.3
    • ninja version 1.10.0
    • pkg-config version 0.29.1
    ! Unable to access driver information using 'eglinfo'.
      It is likely available from your distribution (e.g.: apt install mesa-utils)

[✓] Connected device (3 available) [2.0s]
    • sdk gphone64 x86 64 (mobile) • emulator-5554 • android-x64    • Android 12 (API 32) (emulator)
    • Linux (desktop)              • linux         • linux-x64      • Ubuntu 25.10 6.6.87.2-microsoft-standard-WSL2
    • Chrome (web)                 • chrome        • web-javascript • Google Chrome 145.0.7632.109

[✓] Network resources [1,259ms]
    • All expected network resources are available.

• No issues found!
```
